// Jest Snapshot v1, https://goo.gl/fbAQLP

exports[`renders a snapshot 1`] = `
<div
  className="card"
>
  <div
    className="card"
    style={
      Object {
        "width": "18rem",
      }
    }
  >
    <div
      className="card-body"
    >
      <div
        className="card-title h5"
      >
        Jennika Wilson
      </div>
      <p
        className="card-text"
      >
        Some Text
      </p>
    </div>
  </div>
</div>
`;
